// Jest Snapshot v1, https://goo.gl/fbAQLP

exports[`Header Test 1`] = `
<header
  className="header"
>
  <div
    className="header__content"
  >
    <Link
      className="header__title"
      exact="true"
      to="/"
    >
      <h1>
        Rocksmith DLC Searcher
      </h1>
    </Link>
  </div>
</header>
`;
