// Jest Snapshot v1, https://goo.gl/fbAQLP

exports[`SearchHeader Rendering Test 1`] = `
<div
  className="page-header"
>
  <h1
    className="page-header__title"
  >
    Enter your search criteria
  </h1>
  <div
    className=".page-header__description"
  >
    Please fill out all of the members you'd like. If a field is blank, all members will be used.
  </div>
</div>
`;
