// Jest Snapshot v1, https://goo.gl/fbAQLP

exports[`SearchPage Rendering Test 1`] = `
<div>
  <Header />
  <SearchHeader />
  <SearchForm
    onSubmit={[Function]}
  />
</div>
`;
